; Copyright 2024 Paul Maddern (paul@arcadegeek.co.uk)

[Page:Changelog]
SectionType=BulletPoints

[Changelog:20240227]
-

- Added melodies.
- Added images for footer messaging.
- Commented a few unknown routines.

[Changelog:20240226]
-

- Using new style.
- Updated administrative routines.
- Added graphics section.
- Added level names.

[Changelog:20210803]
-

- Added build scripts.

[Changelog:20200619]
-

- First draft created in SkoolKit 8.1.
